src/ui/App.tsx(4,27): error TS6142: Module './pages/LoginPage' was resolved to 'C:/Users/abish/Downloads/dms/frontend/src/ui/pages/LoginPage.tsx', but '--jsx' is not set.
src/ui/App.tsx(5,29): error TS6142: Module './layout/ShellLayout' was resolved to 'C:/Users/abish/Downloads/dms/frontend/src/ui/layout/ShellLayout.tsx', but '--jsx' is not set.
src/ui/App.tsx(6,35): error TS6142: Module './pages/NotificationsPage' was resolved to 'C:/Users/abish/Downloads/dms/frontend/src/ui/pages/NotificationsPage.tsx', but '--jsx' is not set.
src/ui/App.tsx(7,31): error TS6142: Module './pages/DashboardPage' was resolved to 'C:/Users/abish/Downloads/dms/frontend/src/ui/pages/DashboardPage.tsx', but '--jsx' is not set.
src/ui/App.tsx(8,31): error TS6142: Module './pages/InventoryPage' was resolved to 'C:/Users/abish/Downloads/dms/frontend/src/ui/pages/InventoryPage.tsx', but '--jsx' is not set.
src/ui/App.tsx(9,31): error TS6142: Module './pages/CustomersPage' was resolved to 'C:/Users/abish/Downloads/dms/frontend/src/ui/pages/CustomersPage.tsx', but '--jsx' is not set.
src/ui/App.tsx(10,27): error TS6142: Module './pages/UsersPage' was resolved to 'C:/Users/abish/Downloads/dms/frontend/src/ui/pages/UsersPage.tsx', but '--jsx' is not set.
src/ui/App.tsx(11,28): error TS6142: Module './pages/OrdersPage' was resolved to 'C:/Users/abish/Downloads/dms/frontend/src/ui/pages/OrdersPage.tsx', but '--jsx' is not set.
src/ui/App.tsx(12,32): error TS6142: Module './pages/TestDrivesPage' was resolved to 'C:/Users/abish/Downloads/dms/frontend/src/ui/pages/TestDrivesPage.tsx', but '--jsx' is not set.
src/ui/App.tsx(13,36): error TS6142: Module './pages/ServiceTicketsPage' was resolved to 'C:/Users/abish/Downloads/dms/frontend/src/ui/pages/ServiceTicketsPage.tsx', but '--jsx' is not set.
src/ui/App.tsx(14,30): error TS6142: Module './pages/PaymentsPage' was resolved to 'C:/Users/abish/Downloads/dms/frontend/src/ui/pages/PaymentsPage.tsx', but '--jsx' is not set.
src/ui/App.tsx(15,33): error TS6142: Module './pages/DealershipsPage' was resolved to 'C:/Users/abish/Downloads/dms/frontend/src/ui/pages/DealershipsPage.tsx', but '--jsx' is not set.
src/ui/App.tsx(19,5): error TS17004: Cannot use JSX unless the '--jsx' flag is provided.
src/ui/App.tsx(20,7): error TS17004: Cannot use JSX unless the '--jsx' flag is provided.
src/ui/App.tsx(21,9): error TS17004: Cannot use JSX unless the '--jsx' flag is provided.
src/ui/App.tsx(21,39): error TS17004: Cannot use JSX unless the '--jsx' flag is provided.
src/ui/App.tsx(22,9): error TS17004: Cannot use JSX unless the '--jsx' flag is provided.
src/ui/App.tsx(22,25): error TS17004: Cannot use JSX unless the '--jsx' flag is provided.
src/ui/App.tsx(23,11): error TS17004: Cannot use JSX unless the '--jsx' flag is provided.
src/ui/App.tsx(23,33): error TS17004: Cannot use JSX unless the '--jsx' flag is provided.
src/ui/App.tsx(24,11): error TS17004: Cannot use JSX unless the '--jsx' flag is provided.
src/ui/App.tsx(24,45): error TS17004: Cannot use JSX unless the '--jsx' flag is provided.
src/ui/App.tsx(25,11): error TS17004: Cannot use JSX unless the '--jsx' flag is provided.
src/ui/App.tsx(25,45): error TS17004: Cannot use JSX unless the '--jsx' flag is provided.
src/ui/App.tsx(26,11): error TS17004: Cannot use JSX unless the '--jsx' flag is provided.
src/ui/App.tsx(26,45): error TS17004: Cannot use JSX unless the '--jsx' flag is provided.
src/ui/App.tsx(27,11): error TS17004: Cannot use JSX unless the '--jsx' flag is provided.
src/ui/App.tsx(27,41): error TS17004: Cannot use JSX unless the '--jsx' flag is provided.
src/ui/App.tsx(28,11): error TS17004: Cannot use JSX unless the '--jsx' flag is provided.
src/ui/App.tsx(28,42): error TS17004: Cannot use JSX unless the '--jsx' flag is provided.
src/ui/App.tsx(29,11): error TS17004: Cannot use JSX unless the '--jsx' flag is provided.
src/ui/App.tsx(29,47): error TS17004: Cannot use JSX unless the '--jsx' flag is provided.
src/ui/App.tsx(30,11): error TS17004: Cannot use JSX unless the '--jsx' flag is provided.
src/ui/App.tsx(30,43): error TS17004: Cannot use JSX unless the '--jsx' flag is provided.
src/ui/App.tsx(31,11): error TS17004: Cannot use JSX unless the '--jsx' flag is provided.
src/ui/App.tsx(31,44): error TS17004: Cannot use JSX unless the '--jsx' flag is provided.
src/ui/App.tsx(32,11): error TS17004: Cannot use JSX unless the '--jsx' flag is provided.
src/ui/App.tsx(32,47): error TS17004: Cannot use JSX unless the '--jsx' flag is provided.
src/ui/App.tsx(33,11): error TS17004: Cannot use JSX unless the '--jsx' flag is provided.
src/ui/App.tsx(33,49): error TS17004: Cannot use JSX unless the '--jsx' flag is provided.
src/ui/App.tsx(35,9): error TS17004: Cannot use JSX unless the '--jsx' flag is provided.
src/ui/App.tsx(35,34): error TS17004: Cannot use JSX unless the '--jsx' flag is provided.
src/ui/components/DataTable.tsx(12,3): error TS6133: 'Box' is declared but its value is never read.
src/ui/components/DataTable.tsx(44,5): error TS17004: Cannot use JSX unless the '--jsx' flag is provided.
src/ui/components/DataTable.tsx(45,7): error TS17004: Cannot use JSX unless the '--jsx' flag is provided.
src/ui/components/DataTable.tsx(46,9): error TS17004: Cannot use JSX unless the '--jsx' flag is provided.
src/ui/components/DataTable.tsx(47,11): error TS17004: Cannot use JSX unless the '--jsx' flag is provided.
src/ui/components/DataTable.tsx(48,13): error TS17004: Cannot use JSX unless the '--jsx' flag is provided.
src/ui/components/DataTable.tsx(50,17): error TS17004: Cannot use JSX unless the '--jsx' flag is provided.
src/ui/components/DataTable.tsx(63,11): error TS17004: Cannot use JSX unless the '--jsx' flag is provided.
src/ui/components/DataTable.tsx(65,15): error TS17004: Cannot use JSX unless the '--jsx' flag is provided.
src/ui/components/DataTable.tsx(66,17): error TS17004: Cannot use JSX unless the '--jsx' flag is provided.
src/ui/components/DataTable.tsx(67,19): error TS17004: Cannot use JSX unless the '--jsx' flag is provided.
src/ui/components/DataTable.tsx(71,15): error TS17004: Cannot use JSX unless the '--jsx' flag is provided.
src/ui/components/DataTable.tsx(72,17): error TS17004: Cannot use JSX unless the '--jsx' flag is provided.
src/ui/components/DataTable.tsx(73,19): error TS17004: Cannot use JSX unless the '--jsx' flag is provided.
src/ui/components/DataTable.tsx(80,17): error TS17004: Cannot use JSX unless the '--jsx' flag is provided.
src/ui/components/DataTable.tsx(83,28): error TS17004: Cannot use JSX unless the '--jsx' flag is provided.
src/ui/components/DataTable.tsx(91,7): error TS17004: Cannot use JSX unless the '--jsx' flag is provided.
src/ui/components/DataTable.tsx(97,24): error TS6133: 'e' is declared but its value is never read.
src/ui/components/FormDialog.tsx(59,5): error TS17004: Cannot use JSX unless the '--jsx' flag is provided.
src/ui/components/FormDialog.tsx(60,7): error TS17004: Cannot use JSX unless the '--jsx' flag is provided.
src/ui/components/FormDialog.tsx(61,9): error TS17004: Cannot use JSX unless the '--jsx' flag is provided.
src/ui/components/FormDialog.tsx(62,9): error TS17004: Cannot use JSX unless the '--jsx' flag is provided.
src/ui/components/FormDialog.tsx(63,11): error TS17004: Cannot use JSX unless the '--jsx' flag is provided.
src/ui/components/FormDialog.tsx(69,19): error TS17004: Cannot use JSX unless the '--jsx' flag is provided.
src/ui/components/FormDialog.tsx(79,23): error TS17004: Cannot use JSX unless the '--jsx' flag is provided.
src/ui/components/FormDialog.tsx(88,17): error TS17004: Cannot use JSX unless the '--jsx' flag is provided.
src/ui/components/FormDialog.tsx(101,9): error TS17004: Cannot use JSX unless the '--jsx' flag is provided.
src/ui/components/FormDialog.tsx(102,11): error TS17004: Cannot use JSX unless the '--jsx' flag is provided.
src/ui/components/FormDialog.tsx(105,11): error TS17004: Cannot use JSX unless the '--jsx' flag is provided.
src/ui/components/PageHeader.tsx(13,5): error TS17004: Cannot use JSX unless the '--jsx' flag is provided.
src/ui/components/PageHeader.tsx(14,7): error TS17004: Cannot use JSX unless the '--jsx' flag is provided.
src/ui/components/PageHeader.tsx(18,9): error TS17004: Cannot use JSX unless the '--jsx' flag is provided.
src/ui/components/PageHeader.tsx(18,64): error TS17004: Cannot use JSX unless the '--jsx' flag is provided.
src/ui/layout/ShellLayout.tsx(33,51): error TS17004: Cannot use JSX unless the '--jsx' flag is provided.
src/ui/layout/ShellLayout.tsx(34,51): error TS17004: Cannot use JSX unless the '--jsx' flag is provided.
src/ui/layout/ShellLayout.tsx(35,51): error TS17004: Cannot use JSX unless the '--jsx' flag is provided.
src/ui/layout/ShellLayout.tsx(36,45): error TS17004: Cannot use JSX unless the '--jsx' flag is provided.
src/ui/layout/ShellLayout.tsx(37,55): error TS17004: Cannot use JSX unless the '--jsx' flag is provided.
src/ui/layout/ShellLayout.tsx(38,47): error TS17004: Cannot use JSX unless the '--jsx' flag is provided.
src/ui/layout/ShellLayout.tsx(39,49): error TS17004: Cannot use JSX unless the '--jsx' flag is provided.
src/ui/layout/ShellLayout.tsx(40,43): error TS17004: Cannot use JSX unless the '--jsx' flag is provided.
src/ui/layout/ShellLayout.tsx(41,55): error TS17004: Cannot use JSX unless the '--jsx' flag is provided.
src/ui/layout/ShellLayout.tsx(42,59): error TS17004: Cannot use JSX unless the '--jsx' flag is provided.
src/ui/layout/ShellLayout.tsx(61,5): error TS17004: Cannot use JSX unless the '--jsx' flag is provided.
src/ui/layout/ShellLayout.tsx(62,7): error TS17004: Cannot use JSX unless the '--jsx' flag is provided.
src/ui/layout/ShellLayout.tsx(63,9): error TS17004: Cannot use JSX unless the '--jsx' flag is provided.
src/ui/layout/ShellLayout.tsx(66,9): error TS17004: Cannot use JSX unless the '--jsx' flag is provided.
src/ui/layout/ShellLayout.tsx(70,7): error TS17004: Cannot use JSX unless the '--jsx' flag is provided.
src/ui/layout/ShellLayout.tsx(71,7): error TS17004: Cannot use JSX unless the '--jsx' flag is provided.
src/ui/layout/ShellLayout.tsx(73,11): error TS17004: Cannot use JSX unless the '--jsx' flag is provided.
src/ui/layout/ShellLayout.tsx(82,13): error TS17004: Cannot use JSX unless the '--jsx' flag is provided.
src/ui/layout/ShellLayout.tsx(83,13): error TS17004: Cannot use JSX unless the '--jsx' flag is provided.
src/ui/layout/ShellLayout.tsx(87,7): error TS17004: Cannot use JSX unless the '--jsx' flag is provided.
src/ui/layout/ShellLayout.tsx(88,7): error TS17004: Cannot use JSX unless the '--jsx' flag is provided.
src/ui/layout/ShellLayout.tsx(89,9): error TS17004: Cannot use JSX unless the '--jsx' flag is provided.
src/ui/layout/ShellLayout.tsx(105,5): error TS17004: Cannot use JSX unless the '--jsx' flag is provided.
src/ui/layout/ShellLayout.tsx(106,7): error TS17004: Cannot use JSX unless the '--jsx' flag is provided.
src/ui/layout/ShellLayout.tsx(116,9): error TS17004: Cannot use JSX unless the '--jsx' flag is provided.
src/ui/layout/ShellLayout.tsx(118,13): error TS17004: Cannot use JSX unless the '--jsx' flag is provided.
src/ui/layout/ShellLayout.tsx(119,15): error TS17004: Cannot use JSX unless the '--jsx' flag is provided.
src/ui/layout/ShellLayout.tsx(122,11): error TS17004: Cannot use JSX unless the '--jsx' flag is provided.
src/ui/layout/ShellLayout.tsx(128,7): error TS17004: Cannot use JSX unless the '--jsx' flag is provided.
src/ui/layout/ShellLayout.tsx(134,11): error TS17004: Cannot use JSX unless the '--jsx' flag is provided.
src/ui/layout/ShellLayout.tsx(135,13): error TS17004: Cannot use JSX unless the '--jsx' flag is provided.
src/ui/layout/ShellLayout.tsx(138,11): error TS17004: Cannot use JSX unless the '--jsx' flag is provided.
src/ui/layout/ShellLayout.tsx(154,7): error TS17004: Cannot use JSX unless the '--jsx' flag is provided.
src/ui/layout/ShellLayout.tsx(164,9): error TS17004: Cannot use JSX unless the '--jsx' flag is provided.
src/ui/pages/CustomersPage.tsx(4,27): error TS6142: Module '../components/DataTable' was resolved to 'C:/Users/abish/Downloads/dms/frontend/src/ui/components/DataTable.tsx', but '--jsx' is not set.
src/ui/pages/CustomersPage.tsx(5,28): error TS6142: Module '../components/PageHeader' was resolved to 'C:/Users/abish/Downloads/dms/frontend/src/ui/components/PageHeader.tsx', but '--jsx' is not set.
src/ui/pages/CustomersPage.tsx(6,22): error TS1484: 'FieldConfig' is a type and must be imported using a type-only import when 'verbatimModuleSyntax' is enabled.
src/ui/pages/CustomersPage.tsx(6,41): error TS6142: Module '../components/FormDialog' was resolved to 'C:/Users/abish/Downloads/dms/frontend/src/ui/components/FormDialog.tsx', but '--jsx' is not set.
src/ui/pages/CustomersPage.tsx(20,15): error TS2345: Argument of type 'any[]' is not assignable to parameter of type 'SetStateAction<never[]>'.
  Type 'any[]' is not assignable to type 'never[]'.
    Type 'any' is not assignable to type 'never'.
src/ui/pages/CustomersPage.tsx(72,5): error TS17004: Cannot use JSX unless the '--jsx' flag is provided.
src/ui/pages/CustomersPage.tsx(73,7): error TS17004: Cannot use JSX unless the '--jsx' flag is provided.
src/ui/pages/CustomersPage.tsx(74,7): error TS17004: Cannot use JSX unless the '--jsx' flag is provided.
src/ui/pages/CustomersPage.tsx(84,7): error TS17004: Cannot use JSX unless the '--jsx' flag is provided.
src/ui/pages/DashboardPage.tsx(9,53): error TS17004: Cannot use JSX unless the '--jsx' flag is provided.
src/ui/pages/DashboardPage.tsx(10,49): error TS17004: Cannot use JSX unless the '--jsx' flag is provided.
src/ui/pages/DashboardPage.tsx(11,51): error TS17004: Cannot use JSX unless the '--jsx' flag is provided.
src/ui/pages/DashboardPage.tsx(15,5): error TS17004: Cannot use JSX unless the '--jsx' flag is provided.
src/ui/pages/DashboardPage.tsx(16,7): error TS17004: Cannot use JSX unless the '--jsx' flag is provided.
src/ui/pages/DashboardPage.tsx(19,7): error TS17004: Cannot use JSX unless the '--jsx' flag is provided.
src/ui/pages/DashboardPage.tsx(21,11): error TS17004: Cannot use JSX unless the '--jsx' flag is provided.
src/ui/pages/DashboardPage.tsx(21,12): error TS2769: No overload matches this call.
  Overload 1 of 2, '(props: { component: ElementType<any, keyof IntrinsicElements>; } & GridBaseProps & { sx?: SxProps<Theme> | undefined; } & SystemProps<...> & Omit<...>): Element | null', gave the following error.
    Property 'component' is missing in type '{ children: Element; item: true; xs: number; sm: number; key: number; }' but required in type '{ component: ElementType<any, keyof IntrinsicElements>; }'.
  Overload 2 of 2, '(props: DefaultComponentProps<GridTypeMap<{}, "div">>): Element | null', gave the following error.
    Type '{ children: Element; item: true; xs: number; sm: number; key: number; }' is not assignable to type 'IntrinsicAttributes & GridBaseProps & { sx?: SxProps<Theme> | undefined; } & SystemProps<Theme> & Omit<...>'.
      Property 'item' does not exist on type 'IntrinsicAttributes & GridBaseProps & { sx?: SxProps<Theme> | undefined; } & SystemProps<Theme> & Omit<...>'.
src/ui/pages/DashboardPage.tsx(22,13): error TS17004: Cannot use JSX unless the '--jsx' flag is provided.
src/ui/pages/DashboardPage.tsx(23,15): error TS17004: Cannot use JSX unless the '--jsx' flag is provided.
src/ui/pages/DashboardPage.tsx(26,15): error TS17004: Cannot use JSX unless the '--jsx' flag is provided.
src/ui/pages/DashboardPage.tsx(27,17): error TS17004: Cannot use JSX unless the '--jsx' flag is provided.
src/ui/pages/DashboardPage.tsx(30,17): error TS17004: Cannot use JSX unless the '--jsx' flag is provided.
src/ui/pages/DealershipsPage.tsx(4,27): error TS6142: Module '../components/DataTable' was resolved to 'C:/Users/abish/Downloads/dms/frontend/src/ui/components/DataTable.tsx', but '--jsx' is not set.
src/ui/pages/DealershipsPage.tsx(5,28): error TS6142: Module '../components/PageHeader' was resolved to 'C:/Users/abish/Downloads/dms/frontend/src/ui/components/PageHeader.tsx', but '--jsx' is not set.
src/ui/pages/DealershipsPage.tsx(18,15): error TS2345: Argument of type 'any[]' is not assignable to parameter of type 'SetStateAction<never[]>'.
  Type 'any[]' is not assignable to type 'never[]'.
    Type 'any' is not assignable to type 'never'.
src/ui/pages/DealershipsPage.tsx(40,9): error TS17004: Cannot use JSX unless the '--jsx' flag is provided.
src/ui/pages/DealershipsPage.tsx(50,5): error TS17004: Cannot use JSX unless the '--jsx' flag is provided.
src/ui/pages/DealershipsPage.tsx(51,7): error TS17004: Cannot use JSX unless the '--jsx' flag is provided.
src/ui/pages/DealershipsPage.tsx(52,7): error TS17004: Cannot use JSX unless the '--jsx' flag is provided.
src/ui/pages/InventoryPage.tsx(4,27): error TS6142: Module '../components/DataTable' was resolved to 'C:/Users/abish/Downloads/dms/frontend/src/ui/components/DataTable.tsx', but '--jsx' is not set.
src/ui/pages/InventoryPage.tsx(5,28): error TS6142: Module '../components/PageHeader' was resolved to 'C:/Users/abish/Downloads/dms/frontend/src/ui/components/PageHeader.tsx', but '--jsx' is not set.
src/ui/pages/InventoryPage.tsx(6,22): error TS1484: 'FieldConfig' is a type and must be imported using a type-only import when 'verbatimModuleSyntax' is enabled.
src/ui/pages/InventoryPage.tsx(6,41): error TS6142: Module '../components/FormDialog' was resolved to 'C:/Users/abish/Downloads/dms/frontend/src/ui/components/FormDialog.tsx', but '--jsx' is not set.
src/ui/pages/InventoryPage.tsx(20,15): error TS2345: Argument of type 'any[]' is not assignable to parameter of type 'SetStateAction<never[]>'.
  Type 'any[]' is not assignable to type 'never[]'.
    Type 'any' is not assignable to type 'never'.
src/ui/pages/InventoryPage.tsx(84,9): error TS17004: Cannot use JSX unless the '--jsx' flag is provided.
src/ui/pages/InventoryPage.tsx(94,5): error TS17004: Cannot use JSX unless the '--jsx' flag is provided.
src/ui/pages/InventoryPage.tsx(95,7): error TS17004: Cannot use JSX unless the '--jsx' flag is provided.
src/ui/pages/InventoryPage.tsx(96,7): error TS17004: Cannot use JSX unless the '--jsx' flag is provided.
src/ui/pages/InventoryPage.tsx(106,7): error TS17004: Cannot use JSX unless the '--jsx' flag is provided.
src/ui/pages/LoginPage.tsx(40,5): error TS17004: Cannot use JSX unless the '--jsx' flag is provided.
src/ui/pages/LoginPage.tsx(49,7): error TS17004: Cannot use JSX unless the '--jsx' flag is provided.
src/ui/pages/LoginPage.tsx(50,9): error TS17004: Cannot use JSX unless the '--jsx' flag is provided.
src/ui/pages/LoginPage.tsx(51,11): error TS17004: Cannot use JSX unless the '--jsx' flag is provided.
src/ui/pages/LoginPage.tsx(52,13): error TS17004: Cannot use JSX unless the '--jsx' flag is provided.
src/ui/pages/LoginPage.tsx(53,15): error TS17004: Cannot use JSX unless the '--jsx' flag is provided.
src/ui/pages/LoginPage.tsx(56,15): error TS17004: Cannot use JSX unless the '--jsx' flag is provided.
src/ui/pages/LoginPage.tsx(61,23): error TS17004: Cannot use JSX unless the '--jsx' flag is provided.
src/ui/pages/LoginPage.tsx(63,13): error TS17004: Cannot use JSX unless the '--jsx' flag is provided.
src/ui/pages/LoginPage.tsx(64,15): error TS17004: Cannot use JSX unless the '--jsx' flag is provided.
src/ui/pages/LoginPage.tsx(65,17): error TS17004: Cannot use JSX unless the '--jsx' flag is provided.
src/ui/pages/LoginPage.tsx(72,17): error TS17004: Cannot use JSX unless the '--jsx' flag is provided.
src/ui/pages/LoginPage.tsx(80,17): error TS17004: Cannot use JSX unless the '--jsx' flag is provided.
src/ui/pages/LoginPage.tsx(86,13): error TS17004: Cannot use JSX unless the '--jsx' flag is provided.
src/ui/pages/NotificationsPage.tsx(12,5): error TS17004: Cannot use JSX unless the '--jsx' flag is provided.
src/ui/pages/NotificationsPage.tsx(13,7): error TS17004: Cannot use JSX unless the '--jsx' flag is provided.
src/ui/pages/NotificationsPage.tsx(14,9): error TS17004: Cannot use JSX unless the '--jsx' flag is provided.
src/ui/pages/NotificationsPage.tsx(17,9): error TS17004: Cannot use JSX unless the '--jsx' flag is provided.
src/ui/pages/NotificationsPage.tsx(22,7): error TS17004: Cannot use JSX unless the '--jsx' flag is provided.
src/ui/pages/NotificationsPage.tsx(23,9): error TS17004: Cannot use JSX unless the '--jsx' flag is provided.
src/ui/pages/NotificationsPage.tsx(24,11): error TS17004: Cannot use JSX unless the '--jsx' flag is provided.
src/ui/pages/NotificationsPage.tsx(27,11): error TS17004: Cannot use JSX unless the '--jsx' flag is provided.
src/ui/pages/NotificationsPage.tsx(28,11): error TS17004: Cannot use JSX unless the '--jsx' flag is provided.
src/ui/pages/OrdersPage.tsx(4,27): error TS6142: Module '../components/DataTable' was resolved to 'C:/Users/abish/Downloads/dms/frontend/src/ui/components/DataTable.tsx', but '--jsx' is not set.
src/ui/pages/OrdersPage.tsx(5,28): error TS6142: Module '../components/PageHeader' was resolved to 'C:/Users/abish/Downloads/dms/frontend/src/ui/components/PageHeader.tsx', but '--jsx' is not set.
src/ui/pages/OrdersPage.tsx(6,22): error TS1484: 'FieldConfig' is a type and must be imported using a type-only import when 'verbatimModuleSyntax' is enabled.
src/ui/pages/OrdersPage.tsx(6,41): error TS6142: Module '../components/FormDialog' was resolved to 'C:/Users/abish/Downloads/dms/frontend/src/ui/components/FormDialog.tsx', but '--jsx' is not set.
src/ui/pages/OrdersPage.tsx(20,15): error TS2345: Argument of type 'any[]' is not assignable to parameter of type 'SetStateAction<never[]>'.
  Type 'any[]' is not assignable to type 'never[]'.
    Type 'any' is not assignable to type 'never'.
src/ui/pages/OrdersPage.tsx(60,9): error TS17004: Cannot use JSX unless the '--jsx' flag is provided.
src/ui/pages/OrdersPage.tsx(70,5): error TS17004: Cannot use JSX unless the '--jsx' flag is provided.
src/ui/pages/OrdersPage.tsx(71,7): error TS17004: Cannot use JSX unless the '--jsx' flag is provided.
src/ui/pages/OrdersPage.tsx(72,7): error TS17004: Cannot use JSX unless the '--jsx' flag is provided.
src/ui/pages/OrdersPage.tsx(82,7): error TS17004: Cannot use JSX unless the '--jsx' flag is provided.
src/ui/pages/PaymentsPage.tsx(4,27): error TS6142: Module '../components/DataTable' was resolved to 'C:/Users/abish/Downloads/dms/frontend/src/ui/components/DataTable.tsx', but '--jsx' is not set.
src/ui/pages/PaymentsPage.tsx(5,28): error TS6142: Module '../components/PageHeader' was resolved to 'C:/Users/abish/Downloads/dms/frontend/src/ui/components/PageHeader.tsx', but '--jsx' is not set.
src/ui/pages/PaymentsPage.tsx(18,15): error TS2345: Argument of type 'any[]' is not assignable to parameter of type 'SetStateAction<never[]>'.
  Type 'any[]' is not assignable to type 'never[]'.
    Type 'any' is not assignable to type 'never'.
src/ui/pages/PaymentsPage.tsx(40,9): error TS17004: Cannot use JSX unless the '--jsx' flag is provided.
src/ui/pages/PaymentsPage.tsx(50,5): error TS17004: Cannot use JSX unless the '--jsx' flag is provided.
src/ui/pages/PaymentsPage.tsx(51,7): error TS17004: Cannot use JSX unless the '--jsx' flag is provided.
src/ui/pages/PaymentsPage.tsx(52,7): error TS17004: Cannot use JSX unless the '--jsx' flag is provided.
src/ui/pages/ServiceTicketsPage.tsx(4,27): error TS6142: Module '../components/DataTable' was resolved to 'C:/Users/abish/Downloads/dms/frontend/src/ui/components/DataTable.tsx', but '--jsx' is not set.
src/ui/pages/ServiceTicketsPage.tsx(5,28): error TS6142: Module '../components/PageHeader' was resolved to 'C:/Users/abish/Downloads/dms/frontend/src/ui/components/PageHeader.tsx', but '--jsx' is not set.
src/ui/pages/ServiceTicketsPage.tsx(18,15): error TS2345: Argument of type 'any[]' is not assignable to parameter of type 'SetStateAction<never[]>'.
  Type 'any[]' is not assignable to type 'never[]'.
    Type 'any' is not assignable to type 'never'.
src/ui/pages/ServiceTicketsPage.tsx(40,9): error TS17004: Cannot use JSX unless the '--jsx' flag is provided.
src/ui/pages/ServiceTicketsPage.tsx(50,5): error TS17004: Cannot use JSX unless the '--jsx' flag is provided.
src/ui/pages/ServiceTicketsPage.tsx(51,7): error TS17004: Cannot use JSX unless the '--jsx' flag is provided.
src/ui/pages/ServiceTicketsPage.tsx(52,7): error TS17004: Cannot use JSX unless the '--jsx' flag is provided.
src/ui/pages/TestDrivesPage.tsx(4,27): error TS6142: Module '../components/DataTable' was resolved to 'C:/Users/abish/Downloads/dms/frontend/src/ui/components/DataTable.tsx', but '--jsx' is not set.
src/ui/pages/TestDrivesPage.tsx(5,28): error TS6142: Module '../components/PageHeader' was resolved to 'C:/Users/abish/Downloads/dms/frontend/src/ui/components/PageHeader.tsx', but '--jsx' is not set.
src/ui/pages/TestDrivesPage.tsx(6,46): error TS6142: Module '../components/FormDialog' was resolved to 'C:/Users/abish/Downloads/dms/frontend/src/ui/components/FormDialog.tsx', but '--jsx' is not set.
src/ui/pages/TestDrivesPage.tsx(61,9): error TS17004: Cannot use JSX unless the '--jsx' flag is provided.
src/ui/pages/TestDrivesPage.tsx(103,5): error TS17004: Cannot use JSX unless the '--jsx' flag is provided.
src/ui/pages/TestDrivesPage.tsx(104,7): error TS17004: Cannot use JSX unless the '--jsx' flag is provided.
src/ui/pages/TestDrivesPage.tsx(105,7): error TS17004: Cannot use JSX unless the '--jsx' flag is provided.
src/ui/pages/TestDrivesPage.tsx(115,7): error TS17004: Cannot use JSX unless the '--jsx' flag is provided.
src/ui/pages/UsersPage.tsx(4,27): error TS6142: Module '../components/DataTable' was resolved to 'C:/Users/abish/Downloads/dms/frontend/src/ui/components/DataTable.tsx', but '--jsx' is not set.
src/ui/pages/UsersPage.tsx(5,28): error TS6142: Module '../components/PageHeader' was resolved to 'C:/Users/abish/Downloads/dms/frontend/src/ui/components/PageHeader.tsx', but '--jsx' is not set.
src/ui/pages/UsersPage.tsx(6,46): error TS6142: Module '../components/FormDialog' was resolved to 'C:/Users/abish/Downloads/dms/frontend/src/ui/components/FormDialog.tsx', but '--jsx' is not set.
src/ui/pages/UsersPage.tsx(74,9): error TS17004: Cannot use JSX unless the '--jsx' flag is provided.
src/ui/pages/UsersPage.tsx(85,9): error TS17004: Cannot use JSX unless the '--jsx' flag is provided.
src/ui/pages/UsersPage.tsx(86,11): error TS17004: Cannot use JSX unless the '--jsx' flag is provided.
src/ui/pages/UsersPage.tsx(94,13): error TS17004: Cannot use JSX unless the '--jsx' flag is provided.
src/ui/pages/UsersPage.tsx(96,11): error TS17004: Cannot use JSX unless the '--jsx' flag is provided.
src/ui/pages/UsersPage.tsx(106,13): error TS17004: Cannot use JSX unless the '--jsx' flag is provided.
src/ui/pages/UsersPage.tsx(114,5): error TS17004: Cannot use JSX unless the '--jsx' flag is provided.
src/ui/pages/UsersPage.tsx(115,7): error TS17004: Cannot use JSX unless the '--jsx' flag is provided.
src/ui/pages/UsersPage.tsx(123,7): error TS17004: Cannot use JSX unless the '--jsx' flag is provided.
src/ui/pages/UsersPage.tsx(133,7): error TS17004: Cannot use JSX unless the '--jsx' flag is provided.
